
> alert-system@0.1.0 build
> next build

  Γû▓ Next.js 14.2.5
  - Environments: .env.local
  - Experiments (use with caution):
    ┬╖ instrumentationHook

   Creating an optimized production build ...
> [PWA] Compile server
> [PWA] Compile server
> [PWA] Compile client (static)
> [PWA] Auto register service worker with: C:\Users\ritik\OneDrive\Desktop\alert system\node_modules\next-pwa\register.js
> [PWA] Service worker: C:\Users\ritik\OneDrive\Desktop\alert system\public\sw.js
> [PWA]   url: /sw.js
> [PWA]   scope: /
 Γ£ô Compiled successfully
   Linting and checking validity of types ...

./src/app/page.tsx
222:8  Warning: React Hook useCallback has a missing dependency: 'triggerAutoAlert'. Either include it or remove the dependency array.  react-hooks/exhaustive-deps
232:8  Warning: React Hook useEffect has a missing dependency: 'checkEmails'. Either include it or remove the dependency array.  react-hooks/exhaustive-deps

info  - Need to disable some ESLint rules? Learn more here: https://nextjs.org/docs/basic-features/eslint#disabling-rules
   Collecting page data ...
   Generating static pages (0/6) ...
   Generating static pages (1/6) 
   Generating static pages (2/6) 
   Generating static pages (4/6) 
 Γ£ô Generating static pages (6/6)
   Finalizing page optimization ...
   Collecting build traces ...

Route (app)                              Size     First Load JS
Γöî Γùï /                                    155 kB          242 kB
Γö£ Γùï /_not-found                          871 B            88 kB
Γö£ ╞Æ /api/check-emails                    0 B                0 B
Γö£ ╞Æ /api/clear-history                   0 B                0 B
Γö£ ╞Æ /api/cron                            0 B                0 B
Γö£ ╞Æ /api/daily-summary                   0 B                0 B
Γö£ ╞Æ /api/get-history                     0 B                0 B
Γö£ ╞Æ /api/push-subscription               0 B                0 B
Γöö ╞Æ /api/upload-bookings                 0 B                0 B
+ First Load JS shared by all            87.1 kB
  Γö£ chunks/23-9eef366d1becd823.js        31.5 kB
  Γö£ chunks/fd9d1056-b5397b5edf30a95b.js  53.6 kB
  Γöö other shared chunks (total)          1.96 kB


Γùï  (Static)   prerendered as static content
╞Æ  (Dynamic)  server-rendered on demand

